[INFO] Error stacktraces are turned on.
[INFO] Scanning for projects...
[INFO] 
[INFO] -----------------< com.quizmaster:quizmaster-backend >------------------
[INFO] Building quizmaster-backend 0.0.1-SNAPSHOT
[INFO]   from pom.xml
[INFO] --------------------------------[ jar ]---------------------------------
[INFO] 
[INFO] --- clean:3.2.0:clean (default-clean) @ quizmaster-backend ---
[INFO] Deleting /Users/shoaibahmed/freeClaude/QuizMaster/backend/target
[INFO] 
[INFO] --- resources:3.4.0:resources (default-resources) @ quizmaster-backend ---
[WARNING] Using platform encoding (UTF-8 actually) to copy filtered resources, i.e. build is platform dependent!
[INFO] Copying 11 resources from src/main/resources to target/classes
[INFO] 
[INFO] --- compiler:3.8.1:compile (default-compile) @ quizmaster-backend ---
[INFO] Changes detected - recompiling the module!
[WARNING] File encoding has not been set, using platform encoding UTF-8, i.e. build is platform dependent!
[INFO] Compiling 50 source files to /Users/shoaibahmed/freeClaude/QuizMaster/backend/target/classes
[INFO] [parsing started SimpleFileObject[/Users/shoaibahmed/freeClaude/QuizMaster/backend/src/main/java/com/quizmaster/service/QuizService.java]]
[INFO] [parsing completed 14ms]
[INFO] [parsing started SimpleFileObject[/Users/shoaibahmed/freeClaude/QuizMaster/backend/src/main/java/com/quizmaster/entity/Notification.java]]
[INFO] [parsing completed 1ms]
[INFO] [parsing started SimpleFileObject[/Users/shoaibahmed/freeClaude/QuizMaster/backend/src/main/java/com/quizmaster/config/SecurityConfig.java]]
[INFO] [parsing completed 1ms]
[INFO] [parsing started SimpleFileObject[/Users/shoaibahmed/freeClaude/QuizMaster/backend/src/main/java/com/quizmaster/dto/UserDto.java]]
[INFO] [parsing completed 0ms]
[INFO] [parsing started SimpleFileObject[/Users/shoaibahmed/freeClaude/QuizMaster/backend/src/main/java/com/quizmaster/repository/QuizRepository.java]]
[INFO] [parsing completed 0ms]
[INFO] [parsing started SimpleFileObject[/Users/shoaibahmed/freeClaude/QuizMaster/backend/src/main/java/com/quizmaster/dto/AttemptStartRequest.java]]
[INFO] [parsing completed 0ms]
[INFO] [parsing started SimpleFileObject[/Users/shoaibahmed/freeClaude/QuizMaster/backend/src/main/java/com/quizmaster/repository/UserRepository.java]]
[INFO] [parsing completed 0ms]
[INFO] [parsing started SimpleFileObject[/Users/shoaibahmed/freeClaude/QuizMaster/backend/src/main/java/com/quizmaster/entity/Recommendation.java]]
[INFO] [parsing completed 0ms]
[INFO] [parsing started SimpleFileObject[/Users/shoaibahmed/freeClaude/QuizMaster/backend/src/main/java/com/quizmaster/entity/Attempt.java]]
[INFO] [parsing completed 0ms]
[INFO] [parsing started SimpleFileObject[/Users/shoaibahmed/freeClaude/QuizMaster/backend/src/main/java/com/quizmaster/exception/ResourceNotFoundException.java]]
[INFO] [parsing completed 0ms]
[INFO] [parsing started SimpleFileObject[/Users/shoaibahmed/freeClaude/QuizMaster/backend/src/main/java/com/quizmaster/controller/QuizController.java]]
[INFO] [parsing completed 1ms]
[INFO] [parsing started SimpleFileObject[/Users/shoaibahmed/freeClaude/QuizMaster/backend/src/main/java/com/quizmaster/dto/AttemptResponse.java]]
[INFO] [parsing completed 0ms]
[INFO] [parsing started SimpleFileObject[/Users/shoaibahmed/freeClaude/QuizMaster/backend/src/main/java/com/quizmaster/entity/User.java]]
[INFO] [parsing completed 0ms]
[INFO] [parsing started SimpleFileObject[/Users/shoaibahmed/freeClaude/QuizMaster/backend/src/main/java/com/quizmaster/service/ScoringService.java]]
[INFO] [parsing completed 1ms]
[INFO] [parsing started SimpleFileObject[/Users/shoaibahmed/freeClaude/QuizMaster/backend/src/main/java/com/quizmaster/dto/QuizRequest.java]]
[INFO] [parsing completed 0ms]
[INFO] [parsing started SimpleFileObject[/Users/shoaibahmed/freeClaude/QuizMaster/backend/src/main/java/com/quizmaster/repository/AttemptRepository.java]]
[INFO] [parsing completed 0ms]
[INFO] [parsing started SimpleFileObject[/Users/shoaibahmed/freeClaude/QuizMaster/backend/src/main/java/com/quizmaster/dto/CategoryRequest.java]]
[INFO] [parsing completed 0ms]
[INFO] [parsing started SimpleFileObject[/Users/shoaibahmed/freeClaude/QuizMaster/backend/src/main/java/com/quizmaster/dto/AuthResponse.java]]
[INFO] [parsing completed 1ms]
[INFO] [parsing started SimpleFileObject[/Users/shoaibahmed/freeClaude/QuizMaster/backend/src/main/java/com/quizmaster/service/AttemptService.java]]
[INFO] [parsing completed 1ms]
[INFO] [parsing started SimpleFileObject[/Users/shoaibahmed/freeClaude/QuizMaster/backend/src/main/java/com/quizmaster/service/AuthService.java]]
[INFO] [parsing completed 1ms]
[INFO] [parsing started SimpleFileObject[/Users/shoaibahmed/freeClaude/QuizMaster/backend/src/main/java/com/quizmaster/util/ApiResponse.java]]
[INFO] [parsing completed 0ms]
[INFO] [parsing started SimpleFileObject[/Users/shoaibahmed/freeClaude/QuizMaster/backend/src/main/java/com/quizmaster/repository/NotificationRepository.java]]
[INFO] [parsing completed 0ms]
[INFO] [parsing started SimpleFileObject[/Users/shoaibahmed/freeClaude/QuizMaster/backend/src/main/java/com/quizmaster/util/JwtUtils.java]]
[INFO] [parsing completed 0ms]
[INFO] [parsing started SimpleFileObject[/Users/shoaibahmed/freeClaude/QuizMaster/backend/src/main/java/com/quizmaster/entity/Quiz.java]]
[INFO] [parsing completed 1ms]
[INFO] [parsing started SimpleFileObject[/Users/shoaibahmed/freeClaude/QuizMaster/backend/src/main/java/com/quizmaster/entity/QuizStatus.java]]
[INFO] [parsing completed 0ms]
[INFO] [parsing started SimpleFileObject[/Users/shoaibahmed/freeClaude/QuizMaster/backend/src/main/java/com/quizmaster/entity/Question.java]]
[INFO] [parsing completed 0ms]
[INFO] [parsing started SimpleFileObject[/Users/shoaibahmed/freeClaude/QuizMaster/backend/src/main/java/com/quizmaster/repository/RecommendationRepository.java]]
[INFO] [parsing completed 0ms]
[INFO] [parsing started SimpleFileObject[/Users/shoaibahmed/freeClaude/QuizMaster/backend/src/main/java/com/quizmaster/config/JwtAuthenticationFilter.java]]
[INFO] [parsing completed 0ms]
[INFO] [parsing started SimpleFileObject[/Users/shoaibahmed/freeClaude/QuizMaster/backend/src/main/java/com/quizmaster/entity/Category.java]]
[INFO] [parsing completed 0ms]
[INFO] [parsing started SimpleFileObject[/Users/shoaibahmed/freeClaude/QuizMaster/backend/src/main/java/com/quizmaster/repository/CategoryRepository.java]]
[INFO] [parsing completed 0ms]
[INFO] [parsing started SimpleFileObject[/Users/shoaibahmed/freeClaude/QuizMaster/backend/src/main/java/com/quizmaster/controller/CategoryController.java]]
[INFO] [parsing completed 1ms]
[INFO] [parsing started SimpleFileObject[/Users/shoaibahmed/freeClaude/QuizMaster/backend/src/main/java/com/quizmaster/service/CategoryService.java]]
[INFO] [parsing completed 1ms]
[INFO] [parsing started SimpleFileObject[/Users/shoaibahmed/freeClaude/QuizMaster/backend/src/main/java/com/quizmaster/dto/ResultResponse.java]]
[INFO] [parsing completed 0ms]
[INFO] [parsing started SimpleFileObject[/Users/shoaibahmed/freeClaude/QuizMaster/backend/src/main/java/com/quizmaster/controller/AttemptController.java]]
[INFO] [parsing completed 0ms]
[INFO] [parsing started SimpleFileObject[/Users/shoaibahmed/freeClaude/QuizMaster/backend/src/main/java/com/quizmaster/controller/AuthController.java]]
[INFO] [parsing completed 0ms]
[INFO] [parsing started SimpleFileObject[/Users/shoaibahmed/freeClaude/QuizMaster/backend/src/main/java/com/quizmaster/repository/QuestionRepository.java]]
[INFO] [parsing completed 0ms]
[INFO] [parsing started SimpleFileObject[/Users/shoaibahmed/freeClaude/QuizMaster/backend/src/main/java/com/quizmaster/entity/UserRole.java]]
[INFO] [parsing completed 0ms]
[INFO] [parsing started SimpleFileObject[/Users/shoaibahmed/freeClaude/QuizMaster/backend/src/main/java/com/quizmaster/entity/Difficulty.java]]
[INFO] [parsing completed 0ms]
[INFO] [parsing started SimpleFileObject[/Users/shoaibahmed/freeClaude/QuizMaster/backend/src/main/java/com/quizmaster/dto/LoginRequest.java]]
[INFO] [parsing completed 0ms]
[INFO] [parsing started SimpleFileObject[/Users/shoaibahmed/freeClaude/QuizMaster/backend/src/main/java/com/quizmaster/dto/RegisterRequest.java]]
[INFO] [parsing completed 0ms]
[INFO] [parsing started SimpleFileObject[/Users/shoaibahmed/freeClaude/QuizMaster/backend/src/main/java/com/quizmaster/entity/AttemptAnswer.java]]
[INFO] [parsing completed 0ms]
[INFO] [parsing started SimpleFileObject[/Users/shoaibahmed/freeClaude/QuizMaster/backend/src/main/java/com/quizmaster/dto/QuizResponse.java]]
[INFO] [parsing completed 0ms]
[INFO] [parsing started SimpleFileObject[/Users/shoaibahmed/freeClaude/QuizMaster/backend/src/main/java/com/quizmaster/dto/AttemptSubmitRequest.java]]
[INFO] [parsing completed 0ms]
[INFO] [parsing started SimpleFileObject[/Users/shoaibahmed/freeClaude/QuizMaster/backend/src/main/java/com/quizmaster/entity/QuestionType.java]]
[INFO] [parsing completed 0ms]
[INFO] [parsing started SimpleFileObject[/Users/shoaibahmed/freeClaude/QuizMaster/backend/src/main/java/com/quizmaster/repository/AttemptAnswerRepository.java]]
[INFO] [parsing completed 0ms]
[INFO] [parsing started SimpleFileObject[/Users/shoaibahmed/freeClaude/QuizMaster/backend/src/main/java/com/quizmaster/config/OpenAPIConfig.java]]
[INFO] [parsing completed 0ms]
[INFO] [parsing started SimpleFileObject[/Users/shoaibahmed/freeClaude/QuizMaster/backend/src/main/java/com/quizmaster/dto/CategoryResponse.java]]
[INFO] [parsing completed 0ms]
[INFO] [parsing started SimpleFileObject[/Users/shoaibahmed/freeClaude/QuizMaster/backend/src/main/java/com/quizmaster/dto/AnswerDto.java]]
[INFO] [parsing completed 0ms]
[INFO] [parsing started SimpleFileObject[/Users/shoaibahmed/freeClaude/QuizMaster/backend/src/main/java/com/quizmaster/controller/ScoringController.java]]
[INFO] [parsing completed 0ms]
[INFO] [parsing started SimpleFileObject[/Users/shoaibahmed/freeClaude/QuizMaster/backend/src/main/java/com/quizmaster/exception/GlobalExceptionHandler.java]]
[INFO] [parsing completed 1ms]
[INFO] [loading /modules/java.base/module-info.class]
[INFO] [loading /modules/jdk.internal.opt/module-info.class]
[INFO] [loading /modules/jdk.internal.vm.ci/module-info.class]
[INFO] [loading /modules/jdk.localedata/module-info.class]
[INFO] [loading /modules/java.naming/module-info.class]
[INFO] [loading /modules/jdk.dynalink/module-info.class]
[INFO] [loading /modules/java.compiler/module-info.class]
[INFO] [loading /modules/jdk.security.auth/module-info.class]
[INFO] [loading /modules/jdk.management/module-info.class]
[INFO] [loading /modules/jdk.nio.mapmode/module-info.class]
[INFO] [loading /modules/java.logging/module-info.class]
[INFO] [loading /modules/jdk.crypto.ec/module-info.class]
[INFO] [loading /modules/java.prefs/module-info.class]
[INFO] [loading /modules/jdk.jpackage/module-info.class]
[INFO] [loading /modules/java.se/module-info.class]
[INFO] [loading /modules/jdk.internal.ed/module-info.class]
[INFO] [loading /modules/jdk.naming.rmi/module-info.class]
[INFO] [loading /modules/java.rmi/module-info.class]
[INFO] [loading /modules/jdk.jconsole/module-info.class]
[INFO] [loading /modules/jdk.xml.dom/module-info.class]
[INFO] [loading /modules/java.net.http/module-info.class]
[INFO] [loading /modules/jdk.security.jgss/module-info.class]
[INFO] [loading /modules/jdk.jsobject/module-info.class]
[INFO] [loading /modules/jdk.javadoc/module-info.class]
[INFO] [loading /modules/jdk.jshell/module-info.class]
[INFO] [loading /modules/jdk.jartool/module-info.class]
[INFO] [loading /modules/jdk.compiler/module-info.class]
[INFO] [loading /modules/java.xml.crypto/module-info.class]
[INFO] [loading /modules/jdk.zipfs/module-info.class]
[INFO] [loading /modules/java.xml/module-info.class]
[INFO] [loading /modules/jdk.jdi/module-info.class]
[INFO] [loading /modules/java.security.sasl/module-info.class]
[INFO] [loading /modules/java.sql.rowset/module-info.class]
[INFO] [loading /modules/jdk.httpserver/module-info.class]
[INFO] [loading /modules/java.desktop/module-info.class]
[INFO] [loading /modules/jdk.unsupported/module-info.class]
[INFO] [loading /modules/jdk.internal.le/module-info.class]
[INFO] [loading /modules/jdk.graal.compiler/module-info.class]
[INFO] [loading /modules/java.datatransfer/module-info.class]
[INFO] [loading /modules/jdk.accessibility/module-info.class]
[INFO] [loading /modules/jdk.hotspot.agent/module-info.class]
[INFO] [loading /modules/java.smartcardio/module-info.class]
[INFO] [loading /modules/jdk.jcmd/module-info.class]
[INFO] [loading /modules/java.transaction.xa/module-info.class]
[INFO] [loading /modules/java.sql/module-info.class]
[INFO] [loading /modules/jdk.attach/module-info.class]
[INFO] [loading /modules/jdk.editpad/module-info.class]
[INFO] [loading /modules/jdk.internal.jvmstat/module-info.class]
[INFO] [loading /modules/jdk.jdwp.agent/module-info.class]
[INFO] [loading /modules/jdk.management.jfr/module-info.class]
[INFO] [loading /modules/java.scripting/module-info.class]
[INFO] [loading /modules/jdk.crypto.cryptoki/module-info.class]
[INFO] [loading /modules/java.security.jgss/module-info.class]
[INFO] [loading /modules/jdk.incubator.vector/module-info.class]
[INFO] [loading /modules/jdk.net/module-info.class]
[INFO] [loading /modules/jdk.naming.dns/module-info.class]
[INFO] [loading /modules/jdk.sctp/module-info.class]
[INFO] [loading /modules/jdk.management.agent/module-info.class]
[INFO] [loading /modules/jdk.jstatd/module-info.class]
[INFO] [loading /modules/jdk.jfr/module-info.class]
[INFO] [loading /modules/java.management/module-info.class]
[INFO] [loading /modules/java.instrument/module-info.class]
[INFO] [loading /modules/jdk.jdeps/module-info.class]
[INFO] [loading /modules/jdk.charsets/module-info.class]
[INFO] [loading /modules/jdk.graal.compiler.management/module-info.class]
[INFO] [loading /modules/java.management.rmi/module-info.class]
[INFO] [loading /modules/jdk.internal.md/module-info.class]
[INFO] [loading /modules/jdk.jlink/module-info.class]
[INFO] [loading /modules/jdk.unsupported.desktop/module-info.class]
[INFO] [search path for source files: /Users/shoaibahmed/freeClaude/QuizMaster/backend/src/main/java,/Users/shoaibahmed/freeClaude/QuizMaster/backend/target/generated-sources/annotations]
[INFO] [search path for class files: /opt/homebrew/Cellar/openjdk/25.0.2/libexec/openjdk.jdk/Contents/Home/lib/modules,/Users/shoaibahmed/freeClaude/QuizMaster/backend/target/classes,/Users/shoaibahmed/.m2/repository/org/springframework/boot/spring-boot-starter-web/3.2.0/spring-boot-starter-web-3.2.0.jar,/Users/shoaibahmed/.m2/repository/org/springframework/boot/spring-boot-starter/3.2.0/spring-boot-starter-3.2.0.jar,/Users/shoaibahmed/.m2/repository/org/springframework/boot/spring-boot/3.2.0/spring-boot-3.2.0.jar,/Users/shoaibahmed/.m2/repository/org/springframework/boot/spring-boot-autoconfigure/3.2.0/spring-boot-autoconfigure-3.2.0.jar,/Users/shoaibahmed/.m2/repository/org/springframework/boot/spring-boot-starter-logging/3.2.0/spring-boot-starter-logging-3.2.0.jar,/Users/shoaibahmed/.m2/repository/ch/qos/logback/logback-classic/1.4.11/logback-classic-1.4.11.jar,/Users/shoaibahmed/.m2/repository/ch/qos/logback/logback-core/1.4.11/logback-core-1.4.11.jar,/Users/shoaibahmed/.m2/repository/org/apache/logging/log4j/log4j-to-slf4j/2.21.1/log4j-to-slf4j-2.21.1.jar,/Users/shoaibahmed/.m2/repository/org/apache/logging/log4j/log4j-api/2.21.1/log4j-api-2.21.1.jar,/Users/shoaibahmed/.m2/repository/org/slf4j/jul-to-slf4j/2.0.9/jul-to-slf4j-2.0.9.jar,/Users/shoaibahmed/.m2/repository/jakarta/annotation/jakarta.annotation-api/2.1.1/jakarta.annotation-api-2.1.1.jar,/Users/shoaibahmed/.m2/repository/org/springframework/spring-core/6.1.1/spring-core-6.1.1.jar,/Users/shoaibahmed/.m2/repository/org/springframework/spring-jcl/6.1.1/spring-jcl-6.1.1.jar,/Users/shoaibahmed/.m2/repository/org/yaml/snakeyaml/2.2/snakeyaml-2.2.jar,/Users/shoaibahmed/.m2/repository/org/springframework/boot/spring-boot-starter-json/3.2.0/spring-boot-starter-json-3.2.0.jar,/Users/shoaibahmed/.m2/repository/com/fasterxml/jackson/datatype/jackson-datatype-jdk8/2.15.3/jackson-datatype-jdk8-2.15.3.jar,/Users/shoaibahmed/.m2/repository/com/fasterxml/jackson/datatype/jackson-datatype-jsr310/2.15.3/jackson-datatype-jsr310-2.15.3.jar,/Users/shoaibahmed/.m2/repository/com/fasterxml/jackson/module/jackson-module-parameter-names/2.15.3/jackson-module-parameter-names-2.15.3.jar,/Users/shoaibahmed/.m2/repository/org/springframework/boot/spring-boot-starter-tomcat/3.2.0/spring-boot-starter-tomcat-3.2.0.jar,/Users/shoaibahmed/.m2/repository/org/apache/tomcat/embed/tomcat-embed-core/10.1.16/tomcat-embed-core-10.1.16.jar,/Users/shoaibahmed/.m2/repository/org/apache/tomcat/embed/tomcat-embed-websocket/10.1.16/tomcat-embed-websocket-10.1.16.jar,/Users/shoaibahmed/.m2/repository/org/springframework/spring-web/6.1.1/spring-web-6.1.1.jar,/Users/shoaibahmed/.m2/repository/org/springframework/spring-beans/6.1.1/spring-beans-6.1.1.jar,/Users/shoaibahmed/.m2/repository/io/micrometer/micrometer-observation/1.12.0/micrometer-observation-1.12.0.jar,/Users/shoaibahmed/.m2/repository/io/micrometer/micrometer-commons/1.12.0/micrometer-commons-1.12.0.jar,/Users/shoaibahmed/.m2/repository/org/springframework/spring-webmvc/6.1.1/spring-webmvc-6.1.1.jar,/Users/shoaibahmed/.m2/repository/org/springframework/spring-context/6.1.1/spring-context-6.1.1.jar,/Users/shoaibahmed/.m2/repository/org/springframework/spring-expression/6.1.1/spring-expression-6.1.1.jar,/Users/shoaibahmed/.m2/repository/org/springframework/boot/spring-boot-starter-security/3.2.0/spring-boot-starter-security-3.2.0.jar,/Users/shoaibahmed/.m2/repository/org/springframework/spring-aop/6.1.1/spring-aop-6.1.1.jar,/Users/shoaibahmed/.m2/repository/org/springframework/security/spring-security-config/6.2.0/spring-security-config-6.2.0.jar,/Users/shoaibahmed/.m2/repository/org/springframework/security/spring-security-core/6.2.0/spring-security-core-6.2.0.jar,/Users/shoaibahmed/.m2/repository/org/springframework/security/spring-security-crypto/6.2.0/spring-security-crypto-6.2.0.jar,/Users/shoaibahmed/.m2/repository/org/springframework/security/spring-security-web/6.2.0/spring-security-web-6.2.0.jar,/Users/shoaibahmed/.m2/repository/org/springframework/boot/spring-boot-starter-data-jpa/3.2.0/spring-boot-starter-data-jpa-3.2.0.jar,/Users/shoaibahmed/.m2/repository/org/springframework/boot/spring-boot-starter-aop/3.2.0/spring-boot-starter-aop-3.2.0.jar,/Users/shoaibahmed/.m2/repository/org/aspectj/aspectjweaver/1.9.20.1/aspectjweaver-1.9.20.1.jar,/Users/shoaibahmed/.m2/repository/org/springframework/boot/spring-boot-starter-jdbc/3.2.0/spring-boot-starter-jdbc-3.2.0.jar,/Users/shoaibahmed/.m2/repository/com/zaxxer/HikariCP/5.0.1/HikariCP-5.0.1.jar,/Users/shoaibahmed/.m2/repository/org/springframework/spring-jdbc/6.1.1/spring-jdbc-6.1.1.jar,/Users/shoaibahmed/.m2/repository/org/hibernate/orm/hibernate-core/6.3.1.Final/hibernate-core-6.3.1.Final.jar,/Users/shoaibahmed/.m2/repository/jakarta/persistence/jakarta.persistence-api/3.1.0/jakarta.persistence-api-3.1.0.jar,/Users/shoaibahmed/.m2/repository/jakarta/transaction/jakarta.transaction-api/2.0.1/jakarta.transaction-api-2.0.1.jar,/Users/shoaibahmed/.m2/repository/org/jboss/logging/jboss-logging/3.5.3.Final/jboss-logging-3.5.3.Final.jar,/Users/shoaibahmed/.m2/repository/com/fasterxml/classmate/1.6.0/classmate-1.6.0.jar,/Users/shoaibahmed/.m2/repository/jakarta/xml/bind/jakarta.xml.bind-api/4.0.1/jakarta.xml.bind-api-4.0.1.jar,/Users/shoaibahmed/.m2/repository/jakarta/activation/jakarta.activation-api/2.1.2/jakarta.activation-api-2.1.2.jar,/Users/shoaibahmed/.m2/repository/org/antlr/antlr4-runtime/4.10.1/antlr4-runtime-4.10.1.jar,/Users/shoaibahmed/.m2/repository/org/springframework/data/spring-data-jpa/3.2.0/spring-data-jpa-3.2.0.jar,/Users/shoaibahmed/.m2/repository/org/springframework/data/spring-data-commons/3.2.0/spring-data-commons-3.2.0.jar,/Users/shoaibahmed/.m2/repository/org/springframework/spring-orm/6.1.1/spring-orm-6.1.1.jar,/Users/shoaibahmed/.m2/repository/org/springframework/spring-tx/6.1.1/spring-tx-6.1.1.jar,/Users/shoaibahmed/.m2/repository/org/slf4j/slf4j-api/2.0.9/slf4j-api-2.0.9.jar,/Users/shoaibahmed/.m2/repository/org/springframework/spring-aspects/6.1.1/spring-aspects-6.1.1.jar,/Users/shoaibahmed/.m2/repository/org/projectlombok/lombok/1.18.30/lombok-1.18.30.jar,/Users/shoaibahmed/.m2/repository/org/springframework/boot/spring-boot-starter-validation/3.2.0/spring-boot-starter-validation-3.2.0.jar,/Users/shoaibahmed/.m2/repository/org/apache/tomcat/embed/tomcat-embed-el/10.1.16/tomcat-embed-el-10.1.16.jar,/Users/shoaibahmed/.m2/repository/org/hibernate/validator/hibernate-validator/8.0.1.Final/hibernate-validator-8.0.1.Final.jar,/Users/shoaibahmed/.m2/repository/jakarta/validation/jakarta.validation-api/3.0.2/jakarta.validation-api-3.0.2.jar,/Users/shoaibahmed/.m2/repository/org/flywaydb/flyway-core/9.22.3/flyway-core-9.22.3.jar,/Users/shoaibahmed/.m2/repository/com/fasterxml/jackson/dataformat/jackson-dataformat-toml/2.15.3/jackson-dataformat-toml-2.15.3.jar,/Users/shoaibahmed/.m2/repository/com/fasterxml/jackson/core/jackson-core/2.15.3/jackson-core-2.15.3.jar,/Users/shoaibahmed/.m2/repository/com/google/code/gson/gson/2.10.1/gson-2.10.1.jar,/Users/shoaibahmed/.m2/repository/io/jsonwebtoken/jjwt-api/0.11.5/jjwt-api-0.11.5.jar,/Users/shoaibahmed/.m2/repository/com/fasterxml/jackson/core/jackson-databind/2.15.3/jackson-databind-2.15.3.jar,/Users/shoaibahmed/.m2/repository/com/fasterxml/jackson/core/jackson-annotations/2.15.3/jackson-annotations-2.15.3.jar,/Users/shoaibahmed/.m2/repository/org/springdoc/springdoc-openapi-starter-webmvc-ui/2.2.0/springdoc-openapi-starter-webmvc-ui-2.2.0.jar,/Users/shoaibahmed/.m2/repository/org/springdoc/springdoc-openapi-starter-webmvc-api/2.2.0/springdoc-openapi-starter-webmvc-api-2.2.0.jar,/Users/shoaibahmed/.m2/repository/org/springdoc/springdoc-openapi-starter-common/2.2.0/springdoc-openapi-starter-common-2.2.0.jar,/Users/shoaibahmed/.m2/repository/io/swagger/core/v3/swagger-core-jakarta/2.2.15/swagger-core-jakarta-2.2.15.jar,/Users/shoaibahmed/.m2/repository/org/apache/commons/commons-lang3/3.13.0/commons-lang3-3.13.0.jar,/Users/shoaibahmed/.m2/repository/io/swagger/core/v3/swagger-annotations-jakarta/2.2.15/swagger-annotations-jakarta-2.2.15.jar,/Users/shoaibahmed/.m2/repository/io/swagger/core/v3/swagger-models-jakarta/2.2.15/swagger-models-jakarta-2.2.15.jar,/Users/shoaibahmed/.m2/repository/com/fasterxml/jackson/dataformat/jackson-dataformat-yaml/2.15.3/jackson-dataformat-yaml-2.15.3.jar,/Users/shoaibahmed/.m2/repository/org/webjars/swagger-ui/5.2.0/swagger-ui-5.2.0.jar,.]
[INFO] [loading /Users/shoaibahmed/.m2/repository/org/projectlombok/lombok/1.18.30/lombok-1.18.30.jar(/lombok/RequiredArgsConstructor.class)]
[INFO] [loading /Users/shoaibahmed/.m2/repository/org/springframework/spring-context/6.1.1/spring-context-6.1.1.jar(/org/springframework/stereotype/Service.class)]
[INFO] [loading /Users/shoaibahmed/.m2/repository/org/springframework/spring-web/6.1.1/spring-web-6.1.1.jar(/org/springframework/web/multipart/MultipartFile.class)]
[INFO] [loading /modules/java.base/java/io/BufferedReader.class]
[INFO] [loading /modules/java.base/java/io/IOException.class]
[INFO] [loading /modules/java.base/java/io/InputStreamReader.class]
[INFO] [loading /modules/java.base/java/util/ArrayList.class]
[INFO] [loading /modules/java.base/java/util/List.class]
[INFO] [loading /modules/java.base/java/util/stream/Collectors.class]
[INFO] [loading /modules/java.base/java/lang/Object.class]
[INFO] [loading /Users/shoaibahmed/.m2/repository/org/springframework/data/spring-data-jpa/3.2.0/spring-data-jpa-3.2.0.jar(/org/springframework/data/jpa/repository/JpaRepository.class)]
[INFO] [loading /Users/shoaibahmed/.m2/repository/org/springframework/data/spring-data-jpa/3.2.0/spring-data-jpa-3.2.0.jar(/org/springframework/data/jpa/repository/Query.class)]
[INFO] [loading /Users/shoaibahmed/.m2/repository/org/springframework/data/spring-data-commons/3.2.0/spring-data-commons-3.2.0.jar(/org/springframework/data/repository/query/Param.class)]
[INFO] [loading /Users/shoaibahmed/.m2/repository/org/springframework/spring-context/6.1.1/spring-context-6.1.1.jar(/org/springframework/stereotype/Repository.class)]
[INFO] [loading /modules/java.base/java/util/Optional.class]
[INFO] [loading /Users/shoaibahmed/.m2/repository/org/springframework/data/spring-data-commons/3.2.0/spring-data-commons-3.2.0.jar(/org/springframework/data/repository/ListCrudRepository.class)]
[INFO] [loading /Users/shoaibahmed/.m2/repository/org/springframework/data/spring-data-commons/3.2.0/spring-data-commons-3.2.0.jar(/org/springframework/data/repository/CrudRepository.class)]
[INFO] [loading /Users/shoaibahmed/.m2/repository/org/springframework/data/spring-data-commons/3.2.0/spring-data-commons-3.2.0.jar(/org/springframework/data/repository/Repository.class)]
[INFO] [loading /Users/shoaibahmed/.m2/repository/org/springframework/data/spring-data-commons/3.2.0/spring-data-commons-3.2.0.jar(/org/springframework/data/repository/ListPagingAndSortingRepository.class)]
[INFO] [loading /Users/shoaibahmed/.m2/repository/org/springframework/data/spring-data-commons/3.2.0/spring-data-commons-3.2.0.jar(/org/springframework/data/repository/PagingAndSortingRepository.class)]
[INFO] [loading /Users/shoaibahmed/.m2/repository/org/springframework/data/spring-data-commons/3.2.0/spring-data-commons-3.2.0.jar(/org/springframework/data/repository/query/QueryByExampleExecutor.class)]
[INFO] [loading /Users/shoaibahmed/.m2/repository/org/projectlombok/lombok/1.18.30/lombok-1.18.30.jar(/lombok/AllArgsConstructor.class)]
[INFO] [loading /Users/shoaibahmed/.m2/repository/org/projectlombok/lombok/1.18.30/lombok-1.18.30.jar(/lombok/Builder.class)]
[INFO] [loading /Users/shoaibahmed/.m2/repository/org/projectlombok/lombok/1.18.30/lombok-1.18.30.jar(/lombok/Data.class)]
[INFO] [loading /Users/shoaibahmed/.m2/repository/org/projectlombok/lombok/1.18.30/lombok-1.18.30.jar(/lombok/NoArgsConstructor.class)]
[INFO] [loading /modules/java.base/java/time/LocalDateTime.class]
[INFO] [loading /Users/shoaibahmed/.m2/repository/jakarta/persistence/jakarta.persistence-api/3.1.0/jakarta.persistence-api-3.1.0.jar(/jakarta/persistence/Entity.class)]
[INFO] [loading /Users/shoaibahmed/.m2/repository/jakarta/persistence/jakarta.persistence-api/3.1.0/jakarta.persistence-api-3.1.0.jar(/jakarta/persistence/Table.class)]
[INFO] [loading /modules/java.base/java/lang/Long.class]
[INFO] [loading /Users/shoaibahmed/.m2/repository/jakarta/validation/jakarta.validation-api/3.0.2/jakarta.validation-api-3.0.2.jar(/jakarta/validation/constraints/Max.class)]
[INFO] [loading /Users/shoaibahmed/.m2/repository/jakarta/validation/jakarta.validation-api/3.0.2/jakarta.validation-api-3.0.2.jar(/jakarta/validation/constraints/Min.class)]
[INFO] [loading /Users/shoaibahmed/.m2/repository/jakarta/validation/jakarta.validation-api/3.0.2/jakarta.validation-api-3.0.2.jar(/jakarta/validation/constraints/NotBlank.class)]
[INFO] [loading /Users/shoaibahmed/.m2/repository/jakarta/validation/jakarta.validation-api/3.0.2/jakarta.validation-api-3.0.2.jar(/jakarta/validation/constraints/NotNull.class)]
[INFO] [loading /Users/shoaibahmed/.m2/repository/jakarta/validation/jakarta.validation-api/3.0.2/jakarta.validation-api-3.0.2.jar(/jakarta/validation/constraints/Size.class)]
[INFO] [loading /modules/java.base/java/lang/String.class]
[INFO] [loading /modules/java.base/java/lang/Enum.class]
[INFO] [loading /modules/java.base/java/lang/constant/Constable.class]
[INFO] [loading /modules/java.base/java/lang/Comparable.class]
[INFO] [loading /modules/java.base/java/io/Serializable.class]
[INFO] [loading /modules/java.base/java/lang/Integer.class]
[INFO] [loading /modules/java.base/java/lang/Boolean.class]
[INFO] [loading /Users/shoaibahmed/.m2/repository/org/springframework/spring-context/6.1.1/spring-context-6.1.1.jar(/org/springframework/context/annotation/Bean.class)]
[INFO] [loading /Users/shoaibahmed/.m2/repository/org/springframework/spring-context/6.1.1/spring-context-6.1.1.jar(/org/springframework/context/annotation/Configuration.class)]
[INFO] [loading /Users/shoaibahmed/.m2/repository/org/springframework/security/spring-security-core/6.2.0/spring-security-core-6.2.0.jar(/org/springframework/security/authentication/AuthenticationManager.class)]
[INFO] [loading /Users/shoaibahmed/.m2/repository/org/springframework/security/spring-security-core/6.2.0/spring-security-core-6.2.0.jar(/org/springframework/security/authentication/BadCredentialsException.class)]
[INFO] [loading /Users/shoaibahmed/.m2/repository/org/springframework/security/spring-security-core/6.2.0/spring-security-core-6.2.0.jar(/org/springframework/security/authentication/UsernamePasswordAuthenticationToken.class)]
[INFO] [loading /Users/shoaibahmed/.m2/repository/org/springframework/security/spring-security-config/6.2.0/spring-security-config-6.2.0.jar(/org/springframework/security/config/Customizer.class)]
[INFO] [loading /Users/shoaibahmed/.m2/repository/org/springframework/security/spring-security-config/6.2.0/spring-security-config-6.2.0.jar(/org/springframework/security/config/annotation/authentication/configuration/AuthenticationConfiguration.class)]
[INFO] [loading /Users/shoaibahmed/.m2/repository/org/springframework/security/spring-security-config/6.2.0/spring-security-config-6.2.0.jar(/org/springframework/security/config/annotation/method/configuration/EnableMethodSecurity.class)]
[INFO] [loading /Users/shoaibahmed/.m2/repository/org/springframework/security/spring-security-config/6.2.0/spring-security-config-6.2.0.jar(/org/springframework/security/config/annotation/web/builders/HttpSecurity.class)]
[INFO] [loading /Users/shoaibahmed/.m2/repository/org/springframework/security/spring-security-config/6.2.0/spring-security-config-6.2.0.jar(/org/springframework/security/config/annotation/web/configuration/EnableWebSecurity.class)]
[INFO] [loading /Users/shoaibahmed/.m2/repository/org/springframework/security/spring-security-config/6.2.0/spring-security-config-6.2.0.jar(/org/springframework/security/config/http/SessionCreationPolicy.class)]
[INFO] [loading /Users/shoaibahmed/.m2/repository/org/springframework/security/spring-security-core/6.2.0/spring-security-core-6.2.0.jar(/org/springframework/security/core/userdetails/UserDetailsService.class)]
[INFO] [loading /Users/shoaibahmed/.m2/repository/org/springframework/security/spring-security-core/6.2.0/spring-security-core-6.2.0.jar(/org/springframework/security/core/userdetails/UsernameNotFoundException.class)]
[INFO] [loading /Users/shoaibahmed/.m2/repository/org/springframework/security/spring-security-crypto/6.2.0/spring-security-crypto-6.2.0.jar(/org/springframework/security/crypto/bcrypt/BCryptPasswordEncoder.class)]
[INFO] [loading /Users/shoaibahmed/.m2/repository/org/springframework/security/spring-security-crypto/6.2.0/spring-security-crypto-6.2.0.jar(/org/springframework/security/crypto/password/PasswordEncoder.class)]
[INFO] [loading /Users/shoaibahmed/.m2/repository/org/springframework/security/spring-security-web/6.2.0/spring-security-web-6.2.0.jar(/org/springframework/security/web/SecurityFilterChain.class)]
[INFO] [loading /Users/shoaibahmed/.m2/repository/org/springframework/security/spring-security-web/6.2.0/spring-security-web-6.2.0.jar(/org/springframework/security/web/authentication/UsernamePasswordAuthenticationFilter.class)]
[INFO] [loading /Users/shoaibahmed/.m2/repository/io/jsonwebtoken/jjwt-api/0.11.5/jjwt-api-0.11.5.jar(/io/jsonwebtoken/Claims.class)]
[INFO] [loading /Users/shoaibahmed/.m2/repository/io/jsonwebtoken/jjwt-api/0.11.5/jjwt-api-0.11.5.jar(/io/jsonwebtoken/Jwts.class)]
[INFO] [loading /Users/shoaibahmed/.m2/repository/io/jsonwebtoken/jjwt-api/0.11.5/jjwt-api-0.11.5.jar(/io/jsonwebtoken/SignatureAlgorithm.class)]
[INFO] [loading /Users/shoaibahmed/.m2/repository/io/jsonwebtoken/jjwt-api/0.11.5/jjwt-api-0.11.5.jar(/io/jsonwebtoken/io/Decoders.class)]
[INFO] [loading /Users/shoaibahmed/.m2/repository/io/jsonwebtoken/jjwt-api/0.11.5/jjwt-api-0.11.5.jar(/io/jsonwebtoken/security/Keys.class)]
[INFO] [loading /Users/shoaibahmed/.m2/repository/org/springframework/spring-beans/6.1.1/spring-beans-6.1.1.jar(/org/springframework/beans/factory/annotation/Value.class)]
[INFO] [loading /Users/shoaibahmed/.m2/repository/org/springframework/security/spring-security-core/6.2.0/spring-security-core-6.2.0.jar(/org/springframework/security/core/userdetails/UserDetails.class)]
[INFO] [loading /Users/shoaibahmed/.m2/repository/org/springframework/spring-context/6.1.1/spring-context-6.1.1.jar(/org/springframework/stereotype/Component.class)]
[INFO] [loading /modules/java.base/java/security/Key.class]
[INFO] [loading /modules/java.base/java/util/Date.class]
[INFO] [loading /modules/java.base/java/util/HashMap.class]
[INFO] [loading /modules/java.base/java/util/Map.class]
[INFO] [loading /modules/java.base/java/util/function/Function.class]
[INFO] [loading /modules/java.base/java/lang/Exception.class]
[INFO] [loading /Users/shoaibahmed/.m2/repository/org/apache/tomcat/embed/tomcat-embed-core/10.1.16/tomcat-embed-core-10.1.16.jar(/jakarta/servlet/FilterChain.class)]
[INFO] [loading /Users/shoaibahmed/.m2/repository/org/apache/tomcat/embed/tomcat-embed-core/10.1.16/tomcat-embed-core-10.1.16.jar(/jakarta/servlet/ServletException.class)]
[INFO] [loading /Users/shoaibahmed/.m2/repository/org/apache/tomcat/embed/tomcat-embed-core/10.1.16/tomcat-embed-core-10.1.16.jar(/jakarta/servlet/http/HttpServletRequest.class)]
[INFO] [loading /Users/shoaibahmed/.m2/repository/org/apache/tomcat/embed/tomcat-embed-core/10.1.16/tomcat-embed-core-10.1.16.jar(/jakarta/servlet/http/HttpServletResponse.class)]
[INFO] [loading /Users/shoaibahmed/.m2/repository/org/springframework/spring-core/6.1.1/spring-core-6.1.1.jar(/org/springframework/lang/NonNull.class)]
[INFO] [loading /Users/shoaibahmed/.m2/repository/org/springframework/security/spring-security-core/6.2.0/spring-security-core-6.2.0.jar(/org/springframework/security/core/context/SecurityContextHolder.class)]
[INFO] [loading /Users/shoaibahmed/.m2/repository/org/springframework/spring-web/6.1.1/spring-web-6.1.1.jar(/org/springframework/web/filter/OncePerRequestFilter.class)]
[INFO] [loading /Users/shoaibahmed/.m2/repository/org/springframework/spring-web/6.1.1/spring-web-6.1.1.jar(/org/springframework/web/filter/GenericFilterBean.class)]
[INFO] [loading /Users/shoaibahmed/.m2/repository/org/apache/tomcat/embed/tomcat-embed-core/10.1.16/tomcat-embed-core-10.1.16.jar(/jakarta/servlet/Filter.class)]
[INFO] [loading /Users/shoaibahmed/.m2/repository/org/springframework/spring-beans/6.1.1/spring-beans-6.1.1.jar(/org/springframework/beans/factory/BeanNameAware.class)]
[INFO] [loading /Users/shoaibahmed/.m2/repository/org/springframework/spring-beans/6.1.1/spring-beans-6.1.1.jar(/org/springframework/beans/factory/Aware.class)]
[INFO] [loading /Users/shoaibahmed/.m2/repository/org/springframework/spring-context/6.1.1/spring-context-6.1.1.jar(/org/springframework/context/EnvironmentAware.class)]
[INFO] [loading /Users/shoaibahmed/.m2/repository/org/springframework/spring-core/6.1.1/spring-core-6.1.1.jar(/org/springframework/core/env/EnvironmentCapable.class)]
[INFO] [loading /Users/shoaibahmed/.m2/repository/org/springframework/spring-web/6.1.1/spring-web-6.1.1.jar(/org/springframework/web/context/ServletContextAware.class)]
[INFO] [loading /Users/shoaibahmed/.m2/repository/org/springframework/spring-beans/6.1.1/spring-beans-6.1.1.jar(/org/springframework/beans/factory/InitializingBean.class)]
[INFO] [loading /Users/shoaibahmed/.m2/repository/org/springframework/spring-beans/6.1.1/spring-beans-6.1.1.jar(/org/springframework/beans/factory/DisposableBean.class)]
[INFO] [loading /modules/java.base/java/math/BigDecimal.class]
[INFO] [loading /Users/shoaibahmed/.m2/repository/org/springframework/spring-web/6.1.1/spring-web-6.1.1.jar(/org/springframework/http/HttpStatus.class)]
[INFO] [loading /Users/shoaibahmed/.m2/repository/org/springframework/spring-web/6.1.1/spring-web-6.1.1.jar(/org/springframework/web/bind/annotation/ResponseStatus.class)]
[INFO] [loading /modules/java.base/java/lang/RuntimeException.class]
[INFO] [loading /modules/java.base/java/lang/Throwable.class]
[INFO] [loading /Users/shoaibahmed/.m2/repository/jakarta/validation/jakarta.validation-api/3.0.2/jakarta.validation-api-3.0.2.jar(/jakarta/validation/Valid.class)]
[INFO] [loading /Users/shoaibahmed/.m2/repository/org/springframework/spring-web/6.1.1/spring-web-6.1.1.jar(/org/springframework/http/ResponseEntity.class)]
[INFO] [loading /Users/shoaibahmed/.m2/repository/org/springframework/security/spring-security-core/6.2.0/spring-security-core-6.2.0.jar(/org/springframework/security/access/prepost/PreAuthorize.class)]
[INFO] [loading /Users/shoaibahmed/.m2/repository/org/springframework/spring-web/6.1.1/spring-web-6.1.1.jar(/org/springframework/web/bind/annotation/RestController.class)]
[INFO] [loading /Users/shoaibahmed/.m2/repository/org/springframework/spring-web/6.1.1/spring-web-6.1.1.jar(/org/springframework/web/bind/annotation/RequestMapping.class)]
[INFO] [loading /modules/java.base/java/lang/Void.class]
[INFO] [loading /modules/java.base/java/lang/Double.class]
[INFO] [loading /Users/shoaibahmed/.m2/repository/jakarta/validation/jakarta.validation-api/3.0.2/jakarta.validation-api-3.0.2.jar(/jakarta/validation/constraints/NotEmpty.class)]
[INFO] [loading /Users/shoaibahmed/.m2/repository/org/springframework/security/spring-security-core/6.2.0/spring-security-core-6.2.0.jar(/org/springframework/security/core/Authentication.class)]
[INFO] [loading /Users/shoaibahmed/.m2/repository/jakarta/validation/jakarta.validation-api/3.0.2/jakarta.validation-api-3.0.2.jar(/jakarta/validation/constraints/Email.class)]
[INFO] [loading /Users/shoaibahmed/.m2/repository/io/swagger/core/v3/swagger-models-jakarta/2.2.15/swagger-models-jakarta-2.2.15.jar(/io/swagger/v3/oas/models/Components.class)]
[INFO] [loading /Users/shoaibahmed/.m2/repository/io/swagger/core/v3/swagger-models-jakarta/2.2.15/swagger-models-jakarta-2.2.15.jar(/io/swagger/v3/oas/models/OpenAPI.class)]
[INFO] [loading /Users/shoaibahmed/.m2/repository/io/swagger/core/v3/swagger-models-jakarta/2.2.15/swagger-models-jakarta-2.2.15.jar(/io/swagger/v3/oas/models/info/Info.class)]
[INFO] [loading /Users/shoaibahmed/.m2/repository/io/swagger/core/v3/swagger-models-jakarta/2.2.15/swagger-models-jakarta-2.2.15.jar(/io/swagger/v3/oas/models/security/SecurityRequirement.class)]
[INFO] [loading /Users/shoaibahmed/.m2/repository/io/swagger/core/v3/swagger-models-jakarta/2.2.15/swagger-models-jakarta-2.2.15.jar(/io/swagger/v3/oas/models/security/SecurityScheme.class)]
[INFO] [loading /Users/shoaibahmed/.m2/repository/org/springframework/spring-web/6.1.1/spring-web-6.1.1.jar(/org/springframework/web/bind/annotation/GetMapping.class)]
[INFO] [loading /Users/shoaibahmed/.m2/repository/org/springframework/spring-web/6.1.1/spring-web-6.1.1.jar(/org/springframework/web/bind/annotation/PathVariable.class)]
[INFO] [loading /Users/shoaibahmed/.m2/repository/org/projectlombok/lombok/1.18.30/lombok-1.18.30.jar(/lombok/extern/slf4j/Slf4j.class)]
[INFO] [loading /Users/shoaibahmed/.m2/repository/org/springframework/spring-web/6.1.1/spring-web-6.1.1.jar(/org/springframework/http/HttpHeaders.class)]
[INFO] [loading /Users/shoaibahmed/.m2/repository/org/springframework/spring-web/6.1.1/spring-web-6.1.1.jar(/org/springframework/http/HttpStatusCode.class)]
[INFO] [loading /Users/shoaibahmed/.m2/repository/org/springframework/spring-context/6.1.1/spring-context-6.1.1.jar(/org/springframework/validation/FieldError.class)]
[INFO] [loading /Users/shoaibahmed/.m2/repository/org/springframework/spring-web/6.1.1/spring-web-6.1.1.jar(/org/springframework/web/bind/MethodArgumentNotValidException.class)]
[INFO] [loading /Users/shoaibahmed/.m2/repository/org/springframework/spring-web/6.1.1/spring-web-6.1.1.jar(/org/springframework/web/bind/annotation/ExceptionHandler.class)]
[INFO] [loading /Users/shoaibahmed/.m2/repository/org/springframework/spring-web/6.1.1/spring-web-6.1.1.jar(/org/springframework/web/bind/annotation/RestControllerAdvice.class)]
[INFO] [loading /Users/shoaibahmed/.m2/repository/org/springframework/spring-web/6.1.1/spring-web-6.1.1.jar(/org/springframework/web/context/request/WebRequest.class)]
[INFO] [loading /Users/shoaibahmed/.m2/repository/org/springframework/spring-webmvc/6.1.1/spring-webmvc-6.1.1.jar(/org/springframework/web/servlet/mvc/method/annotation/ResponseEntityExceptionHandler.class)]
[INFO] [loading /Users/shoaibahmed/.m2/repository/org/springframework/spring-context/6.1.1/spring-context-6.1.1.jar(/org/springframework/context/MessageSourceAware.class)]
[INFO] [loading /modules/java.base/java/lang/Deprecated.class]
[INFO] [loading /modules/java.base/java/lang/annotation/Target.class]
[INFO] [loading /modules/java.base/java/lang/annotation/ElementType.class]
[INFO] [loading /modules/java.base/java/lang/annotation/Retention.class]
[INFO] [loading /modules/java.base/java/lang/annotation/RetentionPolicy.class]
[INFO] [loading /Users/shoaibahmed/.m2/repository/org/projectlombok/lombok/1.18.30/lombok-1.18.30.jar(/lombok/AccessLevel.class)]
[INFO] [loading /Users/shoaibahmed/.m2/repository/org/springframework/spring-core/6.1.1/spring-core-6.1.1.jar(/org/springframework/core/annotation/AliasFor.class)]
[INFO] [loading /modules/java.base/java/lang/annotation/Annotation.class]
[INFO] [loading /modules/java.base/java/lang/annotation/Repeatable.class]
[INFO] [loading /Users/shoaibahmed/.m2/repository/jakarta/validation/jakarta.validation-api/3.0.2/jakarta.validation-api-3.0.2.jar(/jakarta/validation/Constraint.class)]
[INFO] [loading /Users/shoaibahmed/.m2/repository/jakarta/persistence/jakarta.persistence-api/3.1.0/jakarta.persistence-api-3.1.0.jar(/jakarta/persistence/Id.class)]
[INFO] [loading /Users/shoaibahmed/.m2/repository/jakarta/persistence/jakarta.persistence-api/3.1.0/jakarta.persistence-api-3.1.0.jar(/jakarta/persistence/GeneratedValue.class)]
[INFO] [loading /Users/shoaibahmed/.m2/repository/jakarta/persistence/jakarta.persistence-api/3.1.0/jakarta.persistence-api-3.1.0.jar(/jakarta/persistence/GenerationType.class)]
[INFO] [loading /Users/shoaibahmed/.m2/repository/jakarta/persistence/jakarta.persistence-api/3.1.0/jakarta.persistence-api-3.1.0.jar(/jakarta/persistence/Column.class)]
[INFO] [loading /Users/shoaibahmed/.m2/repository/jakarta/persistence/jakarta.persistence-api/3.1.0/jakarta.persistence-api-3.1.0.jar(/jakarta/persistence/Enumerated.class)]
[INFO] [loading /Users/shoaibahmed/.m2/repository/jakarta/persistence/jakarta.persistence-api/3.1.0/jakarta.persistence-api-3.1.0.jar(/jakarta/persistence/EnumType.class)]
[INFO] [loading /Users/shoaibahmed/.m2/repository/org/springframework/spring-context/6.1.1/spring-context-6.1.1.jar(/org/springframework/context/annotation/Import.class)]
[INFO] [loading /Users/shoaibahmed/.m2/repository/org/springframework/spring-beans/6.1.1/spring-beans-6.1.1.jar(/org/springframework/beans/factory/annotation/Autowired.class)]
[INFO] [loading /Users/shoaibahmed/.m2/repository/org/springframework/spring-context/6.1.1/spring-context-6.1.1.jar(/org/springframework/context/annotation/AdviceMode.class)]
[INFO] [loading /modules/java.base/java/lang/Override.class]
[INFO] [loading /Users/shoaibahmed/.m2/repository/org/springframework/spring-core/6.1.1/spring-core-6.1.1.jar(/org/springframework/aot/hint/annotation/Reflective.class)]
[INFO] [loading /Users/shoaibahmed/.m2/repository/org/springframework/spring-web/6.1.1/spring-web-6.1.1.jar(/org/springframework/web/bind/annotation/RequestBody.class)]
[INFO] [loading /Users/shoaibahmed/.m2/repository/org/springframework/spring-web/6.1.1/spring-web-6.1.1.jar(/org/springframework/web/bind/annotation/PostMapping.class)]
[INFO] [loading /Users/shoaibahmed/.m2/repository/org/springframework/spring-web/6.1.1/spring-web-6.1.1.jar(/org/springframework/web/bind/annotation/PutMapping.class)]
[INFO] [loading /Users/shoaibahmed/.m2/repository/org/springframework/spring-web/6.1.1/spring-web-6.1.1.jar(/org/springframework/web/bind/annotation/PatchMapping.class)]
[INFO] [loading /Users/shoaibahmed/.m2/repository/org/springframework/spring-web/6.1.1/spring-web-6.1.1.jar(/org/springframework/web/bind/annotation/RequestParam.class)]
[INFO] [loading /Users/shoaibahmed/.m2/repository/org/springframework/spring-web/6.1.1/spring-web-6.1.1.jar(/org/springframework/web/bind/annotation/DeleteMapping.class)]
[INFO] [loading /Users/shoaibahmed/.m2/repository/org/springframework/spring-web/6.1.1/spring-web-6.1.1.jar(/org/springframework/web/bind/annotation/RequestMethod.class)]
[INFO] [loading /modules/java.base/java/lang/Class.class]
[INFO] [loading /Users/shoaibahmed/.m2/repository/org/projectlombok/lombok/1.18.30/lombok-1.18.30.jar(/lombok/RequiredArgsConstructor$AnyAnnotation.class)]
[INFO] [loading /Users/shoaibahmed/.m2/repository/jakarta/persistence/jakarta.persistence-api/3.1.0/jakarta.persistence-api-3.1.0.jar(/jakarta/persistence/Index.class)]
[INFO] [loading /Users/shoaibahmed/.m2/repository/jakarta/persistence/jakarta.persistence-api/3.1.0/jakarta.persistence-api-3.1.0.jar(/jakarta/persistence/UniqueConstraint.class)]
[INFO] [loading /Users/shoaibahmed/.m2/repository/org/projectlombok/lombok/1.18.30/lombok-1.18.30.jar(/lombok/NoArgsConstructor$AnyAnnotation.class)]
[INFO] [loading /Users/shoaibahmed/.m2/repository/org/projectlombok/lombok/1.18.30/lombok-1.18.30.jar(/lombok/AllArgsConstructor$AnyAnnotation.class)]
[INFO] [loading /Users/shoaibahmed/.m2/repository/jakarta/validation/jakarta.validation-api/3.0.2/jakarta.validation-api-3.0.2.jar(/jakarta/validation/constraints/Pattern.class)]
[INFO] [loading /Users/shoaibahmed/.m2/repository/jakarta/validation/jakarta.validation-api/3.0.2/jakarta.validation-api-3.0.2.jar(/jakarta/validation/constraints/Pattern$Flag.class)]
[INFO] ------------------------------------------------------------------------
[INFO] BUILD FAILURE
[INFO] ------------------------------------------------------------------------
[INFO] Total time:  0.950 s
[INFO] Finished at: 2026-06-18T02:14:40+05:30
[INFO] ------------------------------------------------------------------------
[ERROR] Failed to execute goal org.apache.maven.plugins:maven-compiler-plugin:3.8.1:compile (default-compile) on project quizmaster-backend: Compilation failure -> [Help 1]
org.apache.maven.lifecycle.LifecycleExecutionException: Failed to execute goal org.apache.maven.plugins:maven-compiler-plugin:3.8.1:compile (default-compile) on project quizmaster-backend: Compilation failure
    at org.apache.maven.lifecycle.internal.MojoExecutor.doExecute2 (MojoExecutor.java:333)
    at org.apache.maven.lifecycle.internal.MojoExecutor.doExecute (MojoExecutor.java:316)
    at org.apache.maven.lifecycle.internal.MojoExecutor.execute (MojoExecutor.java:212)
    at org.apache.maven.lifecycle.internal.MojoExecutor.execute (MojoExecutor.java:174)
    at org.apache.maven.lifecycle.internal.MojoExecutor.access$000 (MojoExecutor.java:75)
    at org.apache.maven.lifecycle.internal.MojoExecutor$1.run (MojoExecutor.java:162)
    at org.apache.maven.plugin.DefaultMojosExecutionStrategy.execute (DefaultMojosExecutionStrategy.java:39)
    at org.apache.maven.lifecycle.internal.MojoExecutor.execute (MojoExecutor.java:159)
    at org.apache.maven.lifecycle.internal.LifecycleModuleBuilder.buildProject (LifecycleModuleBuilder.java:105)
    at org.apache.maven.lifecycle.internal.LifecycleModuleBuilder.buildProject (LifecycleModuleBuilder.java:73)
    at org.apache.maven.lifecycle.internal.builder.singlethreaded.SingleThreadedBuilder.build (SingleThreadedBuilder.java:53)
    at org.apache.maven.lifecycle.internal.LifecycleStarter.execute (LifecycleStarter.java:118)
    at org.apache.maven.DefaultMaven.doExecute (DefaultMaven.java:261)
    at org.apache.maven.DefaultMaven.doExecute (DefaultMaven.java:173)
    at org.apache.maven.DefaultMaven.execute (DefaultMaven.java:101)
    at org.apache.maven.cli.MavenCli.execute (MavenCli.java:919)
    at org.apache.maven.cli.MavenCli.doMain (MavenCli.java:285)
    at org.apache.maven.cli.MavenCli.main (MavenCli.java:207)
    at jdk.internal.reflect.DirectMethodHandleAccessor.invoke (DirectMethodHandleAccessor.java:104)
    at java.lang.reflect.Method.invoke (Method.java:565)
    at org.codehaus.plexus.classworlds.launcher.Launcher.launchEnhanced (Launcher.java:255)
    at org.codehaus.plexus.classworlds.launcher.Launcher.launch (Launcher.java:201)
    at org.codehaus.plexus.classworlds.launcher.Launcher.mainWithExitCode (Launcher.java:361)
    at org.codehaus.plexus.classworlds.launcher.Launcher.main (Launcher.java:314)
Caused by: org.apache.maven.plugin.compiler.CompilationFailureException: Compilation failure
    at org.apache.maven.plugin.compiler.AbstractCompilerMojo.execute (AbstractCompilerMojo.java:1224)
    at org.apache.maven.plugin.compiler.CompilerMojo.execute (CompilerMojo.java:187)
    at org.apache.maven.plugin.DefaultBuildPluginManager.executeMojo (DefaultBuildPluginManager.java:126)
    at org.apache.maven.lifecycle.internal.MojoExecutor.doExecute2 (MojoExecutor.java:328)
    at org.apache.maven.lifecycle.internal.MojoExecutor.doExecute (MojoExecutor.java:316)
    at org.apache.maven.lifecycle.internal.MojoExecutor.execute (MojoExecutor.java:212)
    at org.apache.maven.lifecycle.internal.MojoExecutor.execute (MojoExecutor.java:174)
    at org.apache.maven.lifecycle.internal.MojoExecutor.access$000 (MojoExecutor.java:75)
    at org.apache.maven.lifecycle.internal.MojoExecutor$1.run (MojoExecutor.java:162)
    at org.apache.maven.plugin.DefaultMojosExecutionStrategy.execute (DefaultMojosExecutionStrategy.java:39)
    at org.apache.maven.lifecycle.internal.MojoExecutor.execute (MojoExecutor.java:159)
    at org.apache.maven.lifecycle.internal.LifecycleModuleBuilder.buildProject (LifecycleModuleBuilder.java:105)
    at org.apache.maven.lifecycle.internal.LifecycleModuleBuilder.buildProject (LifecycleModuleBuilder.java:73)
    at org.apache.maven.lifecycle.internal.builder.singlethreaded.SingleThreadedBuilder.build (SingleThreadedBuilder.java:53)
    at org.apache.maven.lifecycle.internal.LifecycleStarter.execute (LifecycleStarter.java:118)
    at org.apache.maven.DefaultMaven.doExecute (DefaultMaven.java:261)
    at org.apache.maven.DefaultMaven.doExecute (DefaultMaven.java:173)
    at org.apache.maven.DefaultMaven.execute (DefaultMaven.java:101)
    at org.apache.maven.cli.MavenCli.execute (MavenCli.java:919)
    at org.apache.maven.cli.MavenCli.doMain (MavenCli.java:285)
    at org.apache.maven.cli.MavenCli.main (MavenCli.java:207)
    at jdk.internal.reflect.DirectMethodHandleAccessor.invoke (DirectMethodHandleAccessor.java:104)
    at java.lang.reflect.Method.invoke (Method.java:565)
    at org.codehaus.plexus.classworlds.launcher.Launcher.launchEnhanced (Launcher.java:255)
    at org.codehaus.plexus.classworlds.launcher.Launcher.launch (Launcher.java:201)
    at org.codehaus.plexus.classworlds.launcher.Launcher.mainWithExitCode (Launcher.java:361)
    at org.codehaus.plexus.classworlds.launcher.Launcher.main (Launcher.java:314)
[ERROR] 
[ERROR] Re-run Maven using the -X switch to enable full debug logging.
[ERROR] 
[ERROR] For more information about the errors and possible solutions, please read the following articles:
[ERROR] [Help 1] http://cwiki.apache.org/confluence/display/MAVEN/MojoFailureException
